JPCNN001_CO.img
JPCNN002_CO.img
JPCNN003_CO.img
JPCNN004_CO.img
JPCNN005_CO.img
JPCNN006_CO.img
JPCNN007_CO.img
JPCNN008_CO.img
JPCNN009_CO.img
JPCNN010_CO.img
JPCNN011_CO.img
JPCNN012_CO.img
JPCNN013_CO.img
JPCNN014_CO.img
JPCNN015_CO.img
JPCNN016_CO.img
JPCNN017_CO.img
JPCNN018_CO.img
JPCNN019_CO.img
JPCNN020_CO.img
JPCNN021_CO.img
JPCNN022_CO.img
JPCNN023_CO.img
JPCNN024_CO.img
JPCNN025_CO.img
JPCNN026_CO.img
JPCNN027_CO.img
JPCNN028_CO.img
JPCNN029_CO.img
JPCNN030_CO.img
JPCNN031_CO.img
JPCNN032_CO.img
JPCNN033_CO.img
JPCNN034_CO.img
JPCNN035_CO.img
JPCNN036_CO.img
JPCNN037_CO.img
JPCNN038_CO.img
JPCNN039_CO.img
JPCNN040_CO.img
JPCNN041_CO.img
JPCNN042_CO.img
JPCNN043_CO.img
JPCNN044_CO.img
JPCNN045_CO.img
JPCNN046_CO.img
JPCNN047_CO.img
JPCNN048_CO.img
JPCNN049_CO.img
JPCNN050_CO.img
JPCNN051_CO.img
JPCNN052_CO.img
JPCNN053_CO.img
JPCNN054_CO.img
JPCNN055_CO.img
JPCNN056_CO.img
JPCNN057_CO.img
JPCNN058_CO.img
JPCNN059_CO.img
JPCNN060_CO.img
JPCNN061_CO.img
JPCNN062_CO.img
JPCNN063_CO.img
JPCNN064_CO.img
JPCNN065_CO.img
JPCNN066_CO.img
JPCNN067_CO.img
JPCNN068_CO.img
JPCNN069_CO.img
JPCNN070_CO.img
JPCNN071_CO.img
JPCNN072_CO.img
JPCNN073_CO.img
JPCNN074_CO.img
JPCNN075_CO.img
JPCNN076_CO.img
JPCNN077_CO.img
JPCNN078_CO.img
JPCNN079_CO.img
JPCNN080_CO.img
JPCNN081_CO.img
JPCNN082_CO.img
JPCNN083_CO.img
JPCNN084_CO.img
JPCNN085_CO.img
JPCNN086_CO.img
JPCNN087_CO.img
JPCNN088_CO.img
JPCNN089_CO.img
JPCNN090_CO.img
JPCNN091_CO.img
JPCNN092_CO.img
JPCNN093_CO.img
JPCLN001_CO.img
JPCLN002_CO.img
JPCLN003_CO.img
JPCLN004_CO.img
JPCLN005_CO.img
JPCLN006_CO.img
JPCLN007_CO.img
JPCLN008_CO.img
JPCLN009_CO.img
JPCLN010_CO.img
JPCLN011_CO.img
JPCLN012_CO.img
JPCLN013_CO.img
JPCLN014_CO.img
JPCLN015_CO.img
JPCLN016_CO.img
JPCLN017_CO.img
JPCLN018_CO.img
JPCLN019_CO.img
JPCLN020_CO.img
JPCLN021_CO.img
JPCLN022_CO.img
JPCLN023_CO.img
JPCLN024_CO.img
JPCLN025_CO.img
JPCLN026_CO.img
JPCLN027_CO.img
JPCLN028_CO.img
JPCLN029_CO.img
JPCLN030_CO.img
JPCLN031_CO.img
JPCLN032_CO.img
JPCLN033_CO.img
JPCLN034_CO.img
JPCLN035_CO.img
JPCLN036_CO.img
JPCLN037_CO.img
JPCLN038_CO.img
JPCLN039_CO.img
JPCLN040_CO.img
JPCLN041_CO.img
JPCLN042_CO.img
JPCLN043_CO.img
JPCLN044_CO.img
JPCLN045_CO.img
JPCLN046_CO.img
JPCLN047_CO.img
JPCLN048_CO.img
JPCLN049_CO.img
JPCLN050_CO.img
JPCLN051_CO.img
JPCLN052_CO.img
JPCLN053_CO.img
JPCLN054_CO.img
JPCLN055_CO.img
JPCLN056_CO.img
JPCLN057_CO.img
JPCLN058_CO.img
JPCLN059_CO.img
JPCLN060_CO.img
JPCLN061_CO.img
JPCLN062_CO.img
JPCLN063_CO.img
JPCLN064_CO.img
JPCLN065_CO.img
JPCLN066_CO.img
JPCLN067_CO.img
JPCLN068_CO.img
JPCLN069_CO.img
JPCLN070_CO.img
JPCLN071_CO.img
JPCLN072_CO.img
JPCLN073_CO.img
JPCLN074_CO.img
JPCLN075_CO.img
JPCLN076_CO.img
JPCLN077_CO.img
JPCLN078_CO.img
JPCLN079_CO.img
JPCLN080_CO.img
JPCLN081_CO.img
JPCLN082_CO.img
JPCLN083_CO.img
JPCLN084_CO.img
JPCLN085_CO.img
JPCLN086_CO.img
JPCLN087_CO.img
JPCLN088_CO.img
JPCLN089_CO.img
JPCLN090_CO.img
JPCLN091_CO.img
JPCLN092_CO.img
JPCLN093_CO.img
JPCLN094_CO.img
JPCLN095_CO.img
JPCLN096_CO.img
JPCLN097_CO.img
JPCLN098_CO.img
JPCLN099_CO.img
JPCLN100_CO.img
JPCLN101_CO.img
JPCLN102_CO.img
JPCLN103_CO.img
JPCLN104_CO.img
JPCLN105_CO.img
JPCLN106_CO.img
JPCLN107_CO.img
JPCLN108_CO.img
JPCLN109_CO.img
JPCLN110_CO.img
JPCLN111_CO.img
JPCLN112_CO.img
JPCLN113_CO.img
JPCLN114_CO.img
JPCLN115_CO.img
JPCLN116_CO.img
JPCLN117_CO.img
JPCLN118_CO.img
JPCLN119_CO.img
JPCLN120_CO.img
JPCLN121_CO.img
JPCLN122_CO.img
JPCLN123_CO.img
JPCLN124_CO.img
JPCLN125_CO.img
JPCLN126_CO.img
JPCLN127_CO.img
JPCLN128_CO.img
JPCLN129_CO.img
JPCLN130_CO.img
JPCLN131_CO.img
JPCLN132_CO.img
JPCLN133_CO.img
JPCLN134_CO.img
JPCLN135_CO.img
JPCLN136_CO.img
JPCLN137_CO.img
JPCLN138_CO.img
JPCLN139_CO.img
JPCLN140_CO.img
JPCLN141_CO.img
JPCLN142_CO.img
JPCLN143_CO.img
JPCLN144_CO.img
JPCLN145_CO.img
JPCLN146_CO.img
JPCLN147_CO.img
JPCLN148_CO.img
JPCLN149_CO.img
JPCLN150_CO.img
JPCLN151_CO.img
JPCLN152_CO.img
JPCLN153_CO.img
JPCLN154_CO.img
